schedule   1: add, %-1(no WB), % 0, % 1, NOP
schedule  27: mul, %-1(no WB), %32(ADD), % 2, PUSH
schedule   0: add, %-1(no WB), % 3, % 4, NOP
schedule  26: mul, %-1(no WB), %32(ADD), % 5, POP
schedule  13: add, %-1(no WB), %33(MUL), %35(STACK), PUSH
schedule   2: add, %-1(no WB), % 6, % 7, NOP
schedule  28: mul, %-1(no WB), %32(ADD), % 8, POP
schedule  14: add, %-1(no WB), %33(MUL), %35(STACK), PUSH
schedule   3: add, %-1(no WB), % 9, %10, NOP
schedule  29: mul, %-1(no WB), %32(ADD), %11, POP
schedule  15: add, %-1(no WB), %33(MUL), %35(STACK), PUSH
schedule   4: add, %-1(no WB), %12, %13, NOP
schedule  30: mul, %-1(no WB), %32(ADD), %14, POP
schedule  16: add, %-1(no WB), %33(MUL), %35(STACK), PUSH
schedule   5: add, %-1(no WB), %15, %16, NOP
schedule  31: mul, %-1(no WB), %32(ADD), %17, POP
schedule  17: add, %-1(no WB), %33(MUL), %35(STACK), PUSH
schedule   6: add, %-1(no WB), %18, %19, NOP
schedule  32: mul, %-1(no WB), %32(ADD), %20, POP
schedule  18: add, %-1(no WB), %33(MUL), %35(STACK), PUSH
schedule   7: add, %-1(no WB), %21, %22, NOP
schedule  33: mul, %-1(no WB), %32(ADD), %23, POP
schedule  19: add, %-1(no WB), %33(MUL), %35(STACK), PUSH
schedule   8: add, %-1(no WB), %24, %25, NOP
schedule  34: mul, %-1(no WB), %32(ADD), %26, POP
schedule  20: add, %-1(no WB), %33(MUL), %35(STACK), PUSH
schedule   9: add, %-1(no WB), %27, %28, NOP
schedule  35: mul, %-1(no WB), %32(ADD), %29, POP
schedule  21: add, %-1(no WB), %33(MUL), %35(STACK), PUSH
schedule  10: add, %-1(no WB), %30, %31, NOP
schedule  36: mul, %-1(no WB), %32(ADD), % 0, POP
schedule  22: add, %-1(no WB), %33(MUL), %35(STACK), PUSH
schedule  11: add, %-1(no WB), % 1, % 2, NOP
schedule  37: mul, %-1(no WB), %32(ADD), % 3, POP
schedule  23: add, %-1(no WB), %33(MUL), %35(STACK), PUSH
schedule  12: add, %-1(no WB), % 4, % 5, NOP
schedule  38: mul, %-1(no WB), %32(ADD), % 6, POP
schedule  24: add, %-1(no WB), %33(MUL), %35(STACK), PUSH
schedule  39: mul, %-1(no WB), % 7, % 8, POP
schedule  25: add, % 9, %33(MUL), %35(STACK), NOP
